23:16:15 **** Build of configuration Debug for project EXER2 ****
make -j8 all 
arm-none-eabi-gcc "../Core/Src/main.c" -mcpu=cortex-m3 -std=gnu11 -g3 -DDEBUG -DUSE_HAL_DRIVER -DSTM32F103x6 -c -I../Core/Inc -I../Drivers/STM32F1xx_HAL_Driver/Inc -I../Drivers/STM32F1xx_HAL_Driver/Inc/Legacy -I../Drivers/CMSIS/Device/ST/STM32F1xx/Include -I../Drivers/CMSIS/Include -O0 -ffunction-sections -fdata-sections -Wall -fstack-usage -MMD -MP -MF"Core/Src/main.d" -MT"Core/Src/main.o" --specs=nano.specs -mfloat-abi=soft -mthumb -o "Core/Src/main.o"
arm-none-eabi-gcc -o "EXER2.elf" @"objects.list"   -mcpu=cortex-m3 -T"D:\VXL\EXER2\STM32F103C6UX_FLASH.ld" --specs=nosys.specs -Wl,-Map="EXER2.map" -Wl,--gc-sections -static --specs=nano.specs -mfloat-abi=soft -mthumb -Wl,--start-group -lc -lm -Wl,--end-group
Finished building target: EXER2.elf
 
arm-none-eabi-size   EXER2.elf 
arm-none-eabi-objdump -h -S  EXER2.elf  > "EXER2.list"
arm-none-eabi-objcopy  -O ihex  EXER2.elf  "EXER2.hex"
arm-none-eabi-objcopy  -O binary  EXER2.elf  "EXER2.bin"
   text	   data	    bss	    dec	    hex	filename
   4620	     20	   1572	   6212	   1844	EXER2.elf
Finished building: default.size.stdout
 
Finished building: EXER2.bin
Finished building: EXER2.hex
 
Finished building: EXER2.list
 
 

23:16:15 Build Finished. 0 errors, 0 warnings. (took 594ms)

